******************************************************************************
                  TI ARM Linker PC v20.2.6                     
******************************************************************************
>> Linked Wed Sep 21 17:01:44 2022

OUTPUT FILE NAME:   <Lab3_ECEN2440.out>
ENTRY POINT SYMBOL: "_c_int00_noargs"  address: 00000a01


MEMORY CONFIGURATION

         name            origin    length      used     unused   attr    fill
----------------------  --------  ---------  --------  --------  ----  --------
  MAIN                  00000000   00200000  00000aa4  001ff55c  R  X
  INFO                  00200000   00008000  00000000  00008000  R  X
  SRAM_CODE             01000000   00040000  00000214  0003fdec  RW X
  SRAM_DATA             20000000   00040000  00000214  0003fdec  RW  


SEGMENT ALLOCATION MAP

run origin  load origin   length   init length attrs members
----------  ----------- ---------- ----------- ----- -------
00000000    00000000    00000aa8   00000aa8    r-x
  00000000    00000000    000000e8   000000e8    r-- .intvecs
  000000e8    000000e8    0000098c   0000098c    r-x .text
  00000a78    00000a78    00000030   00000030    r-- .cinit
20000000    20000000    00000014   00000000    rw-
  20000000    20000000    00000010   00000000    rw- .bss
  20000010    20000010    00000004   00000000    rw- .data
2003fe00    2003fe00    00000200   00000000    rw-
  2003fe00    2003fe00    00000200   00000000    rw- .stack


SECTION ALLOCATION MAP

 output                                  attributes/
section   page    origin      length       input sections
--------  ----  ----------  ----------   ----------------
.intvecs   0    00000000    000000e8     
                  00000000    000000e8     startup_msp432p4111_ccs.obj (.intvecs:retain)

.text      0    000000e8    0000098c     
                  000000e8    00000420     gpio.obj (.text)
                  00000508    00000350     system_msp432p4111.obj (.text)
                  00000858    0000009c     rtsv7M4_T_le_v4SPD16_eabi.lib : memcpy_t2.asm.obj (.text)
                  000008f4    00000068                                   : copy_decompress_lzss.c.obj (.text:decompress:lzss:__TI_decompress_lzss)
                  0000095c    00000060     main.obj (.text)
                  000009bc    00000044     rtsv7M4_T_le_v4SPD16_eabi.lib : autoinit.c.obj (.text:__TI_auto_init_nobinit_nopinit:__TI_auto_init_nobinit_nopinit)
                  00000a00    00000034                                   : boot_cortex_m.c.obj (.text:_c_int00_noargs:_c_int00_noargs)
                  00000a34    0000001c                                   : copy_zero_init.c.obj (.text:decompress:ZI:__TI_zero_init_nomemset:__TI_zero_init_nomemset)
                  00000a50    0000000e                                   : copy_decompress_none.c.obj (.text:decompress:none:__TI_decompress_none)
                  00000a5e    0000000e     startup_msp432p4111_ccs.obj (.text)
                  00000a6c    00000004     rtsv7M4_T_le_v4SPD16_eabi.lib : pre_init.c.obj (.text:_system_pre_init)
                  00000a70    00000004                                   : exit.c.obj (.text:abort:abort)

.cinit     0    00000a78    00000030     
                  00000a78    0000000c     (__TI_handler_table)
                  00000a84    00000004     --HOLE-- [fill = 0]
                  00000a88    00000008     (.cinit..bss.load) [load image, compression = zero_init]
                  00000a90    00000008     (.cinit..data.load) [load image, compression = lzss]
                  00000a98    00000010     (__TI_cinit_table)

.init_array 
*          0    00000000    00000000     UNINITIALIZED

.binit     0    00000000    00000000     

.bss       0    20000000    00000010     UNINITIALIZED
                  20000000    00000010     gpio.obj (.bss:GAME)

.data      0    20000010    00000004     UNINITIALIZED
                  20000010    00000004     system_msp432p4111.obj (.data)

.stack     0    2003fe00    00000200     UNINITIALIZED
                  2003fe00    00000004     rtsv7M4_T_le_v4SPD16_eabi.lib : boot_cortex_m.c.obj (.stack)
                  2003fe04    000001fc     --HOLE--

__llvm_prf_cnts 
*          0    20000000    00000000     UNINITIALIZED

MODULE SUMMARY

       Module                        code   ro data   rw data
       ------                        ----   -------   -------
    .\
       gpio.obj                      1056   0         32     
       system_msp432p4111.obj        848    0         8      
       startup_msp432p4111_ccs.obj   14     232       0      
       main.obj                      96     0         0      
    +--+-----------------------------+------+---------+---------+
       Total:                        2014   232       40     
                                                             
    C:\ti\ccs1200\ccs\tools\compiler\ti-cgt-arm_20.2.6.LTS\lib\rtsv7M4_T_le_v4SPD16_eabi.lib
       memcpy_t2.asm.obj             156    0         0      
       copy_decompress_lzss.c.obj    104    0         0      
       autoinit.c.obj                68     0         0      
       boot_cortex_m.c.obj           52     0         0      
       copy_zero_init.c.obj          28     0         0      
       copy_decompress_none.c.obj    14     0         0      
       exit.c.obj                    4      0         0      
       pre_init.c.obj                4      0         0      
    +--+-----------------------------+------+---------+---------+
       Total:                        430    0         0      
                                                             
       Stack:                        0      0         1024   
       Linker Generated:             0      44        0      
    +--+-----------------------------+------+---------+---------+
       Grand Total:                  2444   276       1064   


LINKER GENERATED COPY TABLES

__TI_cinit_table @ 00000a98 records: 2, size/record: 8, table size: 16
	.bss: load addr=00000a88, load size=00000008 bytes, run addr=20000000, run size=00000010 bytes, compression=zero_init
	.data: load addr=00000a90, load size=00000008 bytes, run addr=20000010, run size=00000004 bytes, compression=lzss


LINKER GENERATED HANDLER TABLE

__TI_handler_table @ 00000a78 records: 3, size/record: 4, table size: 12
	index: 0, handler: __TI_decompress_lzss
	index: 1, handler: __TI_decompress_none
	index: 2, handler: __TI_zero_init


GLOBAL SYMBOLS: SORTED ALPHABETICALLY BY Name 

address   name                          
-------   ----                          
00000a6b  ADC14_IRQHandler              
00000a6b  AES256_IRQHandler             
00000a6b  BusFault_Handler              
00000a71  C$$EXIT                       
00000a6b  COMP_E0_IRQHandler            
00000a6b  COMP_E1_IRQHandler            
00000a6b  CS_IRQHandler                 
00000a6b  DMA_ERR_IRQHandler            
00000a6b  DMA_INT0_IRQHandler           
00000a6b  DMA_INT1_IRQHandler           
00000a6b  DMA_INT2_IRQHandler           
00000a6b  DMA_INT3_IRQHandler           
00000a6b  DebugMon_Handler              
00000a6b  Default_Handler               
00000a6b  EUSCIA0_IRQHandler            
00000a6b  EUSCIA1_IRQHandler            
00000a6b  EUSCIA2_IRQHandler            
00000a6b  EUSCIA3_IRQHandler            
00000a6b  EUSCIB0_IRQHandler            
00000a6b  EUSCIB1_IRQHandler            
00000a6b  EUSCIB2_IRQHandler            
00000a6b  EUSCIB3_IRQHandler            
00000a6b  FLCTL_A_IRQHandler            
00000a6b  FPU_IRQHandler                
00000a6b  HardFault_Handler             
0000018f  IRQ_config                    
00000a6b  LCD_F_IRQHandler              
00000a6b  MemManage_Handler             
00000a6b  NMI_Handler                   
00000a6b  PCM_IRQHandler                
00000315  PORT1_IRQHandler              
00000315  PORT1_IRQHandler              
00000a6b  PORT2_IRQHandler              
00000a6b  PORT3_IRQHandler              
0000039d  PORT4_IRQHandler              
0000039d  PORT4_IRQHandler              
00000a6b  PORT5_IRQHandler              
00000a6b  PORT6_IRQHandler              
00000a6b  PSS_IRQHandler                
00000a6b  PendSV_Handler                
00000a6b  RTC_C_IRQHandler              
00000a5f  Reset_Handler                 
00000a6b  SVC_Handler                   
00000a6b  SysTick_Handler               
20000010  SystemCoreClock               
00000509  SystemCoreClockUpdate         
00000781  SystemInit                    
00000a6b  T32_INT1_IRQHandler           
00000a6b  T32_INT2_IRQHandler           
00000a6b  T32_INTC_IRQHandler           
00000a6b  TA0_0_IRQHandler              
00000a6b  TA0_N_IRQHandler              
00000a6b  TA1_0_IRQHandler              
00000a6b  TA1_N_IRQHandler              
00000a6b  TA2_0_IRQHandler              
00000a6b  TA2_N_IRQHandler              
00000a6b  TA3_0_IRQHandler              
00000a6b  TA3_N_IRQHandler              
00000a6b  UsageFault_Handler            
4000480c  WDTCTL_SYM                    
00000a6b  WDT_A_IRQHandler              
20040000  __STACK_END                   
00000200  __STACK_SIZE                  
00000a98  __TI_CINIT_Base               
00000aa8  __TI_CINIT_Limit              
00000a78  __TI_Handler_Table_Base       
00000a84  __TI_Handler_Table_Limit      
000009bd  __TI_auto_init_nobinit_nopinit
000008f5  __TI_decompress_lzss          
00000a51  __TI_decompress_none          
ffffffff  __TI_pprof_out_hndl           
ffffffff  __TI_prof_data_size           
ffffffff  __TI_prof_data_start          
00000000  __TI_static_base__            
00000a35  __TI_zero_init_nomemset       
00000859  __aeabi_memcpy                
00000859  __aeabi_memcpy4               
00000859  __aeabi_memcpy8               
ffffffff  __binit__                     
ffffffff  __c_args__                    
UNDEFED   __mpu_init                    
2003fe00  __stack                       
20000000  __start___llvm_prf_cnts       
20000000  __stop___llvm_prf_cnts        
00000a01  _c_int00_noargs               
UNDEFED   _system_post_cinit            
00000a6d  _system_pre_init              
00000a71  abort                         
000001f5  alternate_LEDs                
ffffffff  binit                         
00000291  change_level                  
000002cf  delay                         
00000129  game_config                   
00000313  game_over                     
00000115  init_game                     
00000000  interruptVectors              
00000175  led_config                    
00000991  main                          
00000859  memcpy                        
000002ed  reset                         
000001c5  stacker_game                  
0000014f  switch_config                 


GLOBAL SYMBOLS: SORTED BY Symbol Address 

address   name                          
-------   ----                          
00000000  __TI_static_base__            
00000000  interruptVectors              
00000115  init_game                     
00000129  game_config                   
0000014f  switch_config                 
00000175  led_config                    
0000018f  IRQ_config                    
000001c5  stacker_game                  
000001f5  alternate_LEDs                
00000200  __STACK_SIZE                  
00000291  change_level                  
000002cf  delay                         
000002ed  reset                         
00000313  game_over                     
00000315  PORT1_IRQHandler              
00000315  PORT1_IRQHandler              
0000039d  PORT4_IRQHandler              
0000039d  PORT4_IRQHandler              
00000509  SystemCoreClockUpdate         
00000781  SystemInit                    
00000859  __aeabi_memcpy                
00000859  __aeabi_memcpy4               
00000859  __aeabi_memcpy8               
00000859  memcpy                        
000008f5  __TI_decompress_lzss          
00000991  main                          
000009bd  __TI_auto_init_nobinit_nopinit
00000a01  _c_int00_noargs               
00000a35  __TI_zero_init_nomemset       
00000a51  __TI_decompress_none          
00000a5f  Reset_Handler                 
00000a6b  ADC14_IRQHandler              
00000a6b  AES256_IRQHandler             
00000a6b  BusFault_Handler              
00000a6b  COMP_E0_IRQHandler            
00000a6b  COMP_E1_IRQHandler            
00000a6b  CS_IRQHandler                 
00000a6b  DMA_ERR_IRQHandler            
00000a6b  DMA_INT0_IRQHandler           
00000a6b  DMA_INT1_IRQHandler           
00000a6b  DMA_INT2_IRQHandler           
00000a6b  DMA_INT3_IRQHandler           
00000a6b  DebugMon_Handler              
00000a6b  Default_Handler               
00000a6b  EUSCIA0_IRQHandler            
00000a6b  EUSCIA1_IRQHandler            
00000a6b  EUSCIA2_IRQHandler            
00000a6b  EUSCIA3_IRQHandler            
00000a6b  EUSCIB0_IRQHandler            
00000a6b  EUSCIB1_IRQHandler            
00000a6b  EUSCIB2_IRQHandler            
00000a6b  EUSCIB3_IRQHandler            
00000a6b  FLCTL_A_IRQHandler            
00000a6b  FPU_IRQHandler                
00000a6b  HardFault_Handler             
00000a6b  LCD_F_IRQHandler              
00000a6b  MemManage_Handler             
00000a6b  NMI_Handler                   
00000a6b  PCM_IRQHandler                
00000a6b  PORT2_IRQHandler              
00000a6b  PORT3_IRQHandler              
00000a6b  PORT5_IRQHandler              
00000a6b  PORT6_IRQHandler              
00000a6b  PSS_IRQHandler                
00000a6b  PendSV_Handler                
00000a6b  RTC_C_IRQHandler              
00000a6b  SVC_Handler                   
00000a6b  SysTick_Handler               
00000a6b  T32_INT1_IRQHandler           
00000a6b  T32_INT2_IRQHandler           
00000a6b  T32_INTC_IRQHandler           
00000a6b  TA0_0_IRQHandler              
00000a6b  TA0_N_IRQHandler              
00000a6b  TA1_0_IRQHandler              
00000a6b  TA1_N_IRQHandler              
00000a6b  TA2_0_IRQHandler              
00000a6b  TA2_N_IRQHandler              
00000a6b  TA3_0_IRQHandler              
00000a6b  TA3_N_IRQHandler              
00000a6b  UsageFault_Handler            
00000a6b  WDT_A_IRQHandler              
00000a6d  _system_pre_init              
00000a71  C$$EXIT                       
00000a71  abort                         
00000a78  __TI_Handler_Table_Base       
00000a84  __TI_Handler_Table_Limit      
00000a98  __TI_CINIT_Base               
00000aa8  __TI_CINIT_Limit              
20000000  __start___llvm_prf_cnts       
20000000  __stop___llvm_prf_cnts        
20000010  SystemCoreClock               
2003fe00  __stack                       
20040000  __STACK_END                   
4000480c  WDTCTL_SYM                    
ffffffff  __TI_pprof_out_hndl           
ffffffff  __TI_prof_data_size           
ffffffff  __TI_prof_data_start          
ffffffff  __binit__                     
ffffffff  __c_args__                    
ffffffff  binit                         
UNDEFED   __mpu_init                    
UNDEFED   _system_post_cinit            

[102 symbols]
