******************************************************************************
                  TI ARM Linker PC v20.2.6                     
******************************************************************************
>> Linked Wed Sep 21 00:45:52 2022

OUTPUT FILE NAME:   <Lab3_ECEN2440.out>
ENTRY POINT SYMBOL: "_c_int00_noargs"  address: 000008c5


MEMORY CONFIGURATION

         name            origin    length      used     unused   attr    fill
----------------------  --------  ---------  --------  --------  ----  --------
  MAIN                  00000000   00200000  00000968  001ff698  R  X
  INFO                  00200000   00008000  00000000  00008000  R  X
  SRAM_CODE             01000000   00040000  00000208  0003fdf8  RW X
  SRAM_DATA             20000000   00040000  00000208  0003fdf8  RW  


SEGMENT ALLOCATION MAP

run origin  load origin   length   init length attrs members
----------  ----------- ---------- ----------- ----- -------
00000000    00000000    00000968   00000968    r-x
  00000000    00000000    000000e8   000000e8    r-- .intvecs
  000000e8    000000e8    00000850   00000850    r-x .text
  00000938    00000938    00000030   00000030    r-- .cinit
20000000    20000000    00000008   00000000    rw-
  20000000    20000000    00000004   00000000    rw- .bss
  20000004    20000004    00000004   00000000    rw- .data
2003fe00    2003fe00    00000200   00000000    rw-
  2003fe00    2003fe00    00000200   00000000    rw- .stack


SECTION ALLOCATION MAP

 output                                  attributes/
section   page    origin      length       input sections
--------  ----  ----------  ----------   ----------------
.intvecs   0    00000000    000000e8     
                  00000000    000000e8     startup_msp432p4111_ccs.obj (.intvecs:retain)

.text      0    000000e8    00000850     
                  000000e8    00000350     system_msp432p4111.obj (.text)
                  00000438    000002e8     gpio.obj (.text)
                  00000720    0000009c     rtsv7M4_T_le_v4SPD16_eabi.lib : memcpy_t2.asm.obj (.text)
                  000007bc    00000068                                   : copy_decompress_lzss.c.obj (.text:decompress:lzss:__TI_decompress_lzss)
                  00000824    0000005c     main.obj (.text)
                  00000880    00000044     rtsv7M4_T_le_v4SPD16_eabi.lib : autoinit.c.obj (.text:__TI_auto_init_nobinit_nopinit:__TI_auto_init_nobinit_nopinit)
                  000008c4    00000034                                   : boot_cortex_m.c.obj (.text:_c_int00_noargs:_c_int00_noargs)
                  000008f8    0000001c                                   : copy_zero_init.c.obj (.text:decompress:ZI:__TI_zero_init_nomemset:__TI_zero_init_nomemset)
                  00000914    0000000e                                   : copy_decompress_none.c.obj (.text:decompress:none:__TI_decompress_none)
                  00000922    0000000e     startup_msp432p4111_ccs.obj (.text)
                  00000930    00000004     rtsv7M4_T_le_v4SPD16_eabi.lib : pre_init.c.obj (.text:_system_pre_init)
                  00000934    00000004                                   : exit.c.obj (.text:abort:abort)

.cinit     0    00000938    00000030     
                  00000938    0000000c     (__TI_handler_table)
                  00000944    00000004     --HOLE-- [fill = 0]
                  00000948    00000008     (.cinit..bss.load) [load image, compression = zero_init]
                  00000950    00000008     (.cinit..data.load) [load image, compression = lzss]
                  00000958    00000010     (__TI_cinit_table)

.init_array 
*          0    00000000    00000000     UNINITIALIZED

.binit     0    00000000    00000000     

.bss       0    20000000    00000004     UNINITIALIZED
                  20000000    00000004     gpio.obj (.bss)

.data      0    20000004    00000004     UNINITIALIZED
                  20000004    00000004     system_msp432p4111.obj (.data)

.stack     0    2003fe00    00000200     UNINITIALIZED
                  2003fe00    00000004     rtsv7M4_T_le_v4SPD16_eabi.lib : boot_cortex_m.c.obj (.stack)
                  2003fe04    000001fc     --HOLE--

__llvm_prf_cnts 
*          0    20000000    00000000     UNINITIALIZED

MODULE SUMMARY

       Module                        code   ro data   rw data
       ------                        ----   -------   -------
    .\
       system_msp432p4111.obj        848    0         8      
       gpio.obj                      744    0         8      
       startup_msp432p4111_ccs.obj   14     232       0      
       main.obj                      92     0         0      
    +--+-----------------------------+------+---------+---------+
       Total:                        1698   232       16     
                                                             
    C:\ti\ccs1200\ccs\tools\compiler\ti-cgt-arm_20.2.6.LTS\lib\rtsv7M4_T_le_v4SPD16_eabi.lib
       memcpy_t2.asm.obj             156    0         0      
       copy_decompress_lzss.c.obj    104    0         0      
       autoinit.c.obj                68     0         0      
       boot_cortex_m.c.obj           52     0         0      
       copy_zero_init.c.obj          28     0         0      
       copy_decompress_none.c.obj    14     0         0      
       exit.c.obj                    4      0         0      
       pre_init.c.obj                4      0         0      
    +--+-----------------------------+------+---------+---------+
       Total:                        430    0         0      
                                                             
       Stack:                        0      0         1024   
       Linker Generated:             0      44        0      
    +--+-----------------------------+------+---------+---------+
       Grand Total:                  2128   276       1040   


LINKER GENERATED COPY TABLES

__TI_cinit_table @ 00000958 records: 2, size/record: 8, table size: 16
	.bss: load addr=00000948, load size=00000008 bytes, run addr=20000000, run size=00000004 bytes, compression=zero_init
	.data: load addr=00000950, load size=00000008 bytes, run addr=20000004, run size=00000004 bytes, compression=lzss


LINKER GENERATED HANDLER TABLE

__TI_handler_table @ 00000938 records: 3, size/record: 4, table size: 12
	index: 0, handler: __TI_decompress_lzss
	index: 1, handler: __TI_decompress_none
	index: 2, handler: __TI_zero_init


GLOBAL SYMBOLS: SORTED ALPHABETICALLY BY Name 

address   name                          
-------   ----                          
0000092f  ADC14_IRQHandler              
0000092f  AES256_IRQHandler             
0000092f  BusFault_Handler              
00000935  C$$EXIT                       
0000092f  COMP_E0_IRQHandler            
0000092f  COMP_E1_IRQHandler            
0000092f  CS_IRQHandler                 
0000092f  DMA_ERR_IRQHandler            
0000092f  DMA_INT0_IRQHandler           
0000092f  DMA_INT1_IRQHandler           
0000092f  DMA_INT2_IRQHandler           
0000092f  DMA_INT3_IRQHandler           
0000092f  DebugMon_Handler              
0000092f  Default_Handler               
0000092f  EUSCIA0_IRQHandler            
0000092f  EUSCIA1_IRQHandler            
0000092f  EUSCIA2_IRQHandler            
0000092f  EUSCIA3_IRQHandler            
0000092f  EUSCIB0_IRQHandler            
0000092f  EUSCIB1_IRQHandler            
0000092f  EUSCIB2_IRQHandler            
0000092f  EUSCIB3_IRQHandler            
0000092f  FLCTL_A_IRQHandler            
0000092f  FPU_IRQHandler                
0000092f  HardFault_Handler             
00000501  IRQ_config                    
0000092f  LCD_F_IRQHandler              
0000092f  MemManage_Handler             
0000092f  NMI_Handler                   
0000092f  PCM_IRQHandler                
0000064d  PORT1_IRQHandler              
0000064d  PORT1_IRQHandler              
0000092f  PORT2_IRQHandler              
0000092f  PORT3_IRQHandler              
0000068f  PORT4_IRQHandler              
0000068f  PORT4_IRQHandler              
0000092f  PORT5_IRQHandler              
0000092f  PORT6_IRQHandler              
0000092f  PSS_IRQHandler                
0000092f  PendSV_Handler                
0000092f  RTC_C_IRQHandler              
00000923  Reset_Handler                 
0000092f  SVC_Handler                   
0000092f  SysTick_Handler               
20000004  SystemCoreClock               
000000e9  SystemCoreClockUpdate         
00000361  SystemInit                    
0000092f  T32_INT1_IRQHandler           
0000092f  T32_INT2_IRQHandler           
0000092f  T32_INTC_IRQHandler           
0000092f  TA0_0_IRQHandler              
0000092f  TA0_N_IRQHandler              
0000092f  TA1_0_IRQHandler              
0000092f  TA1_N_IRQHandler              
0000092f  TA2_0_IRQHandler              
0000092f  TA2_N_IRQHandler              
0000092f  TA3_0_IRQHandler              
0000092f  TA3_N_IRQHandler              
0000092f  UsageFault_Handler            
4000480c  WDTCTL_SYM                    
0000092f  WDT_A_IRQHandler              
20040000  __STACK_END                   
00000200  __STACK_SIZE                  
00000958  __TI_CINIT_Base               
00000968  __TI_CINIT_Limit              
00000938  __TI_Handler_Table_Base       
00000944  __TI_Handler_Table_Limit      
00000881  __TI_auto_init_nobinit_nopinit
000007bd  __TI_decompress_lzss          
00000915  __TI_decompress_none          
ffffffff  __TI_pprof_out_hndl           
ffffffff  __TI_prof_data_size           
ffffffff  __TI_prof_data_start          
00000000  __TI_static_base__            
000008f9  __TI_zero_init_nomemset       
00000721  __aeabi_memcpy                
00000721  __aeabi_memcpy4               
00000721  __aeabi_memcpy8               
ffffffff  __binit__                     
ffffffff  __c_args__                    
UNDEFED   __mpu_init                    
2003fe00  __stack                       
20000000  __start___llvm_prf_cnts       
20000000  __stop___llvm_prf_cnts        
000008c5  _c_int00_noargs               
UNDEFED   _system_post_cinit            
00000931  _system_pre_init              
00000935  abort                         
00000551  alternate_LEDs                
ffffffff  binit                         
000005cf  change_level                  
00000601  delay                         
0000048f  game_config                   
0000064b  game_over                     
00000465  gpio_toggle_red_led           
0000047b  init_game                     
00000000  interruptVectors              
000004e7  led_config                    
00000859  main                          
00000721  memcpy                        
00000621  reset                         
0000054f  stacker_game                  
0000061f  start                         
000004c1  switch_config                 


GLOBAL SYMBOLS: SORTED BY Symbol Address 

address   name                          
-------   ----                          
00000000  __TI_static_base__            
00000000  interruptVectors              
000000e9  SystemCoreClockUpdate         
00000200  __STACK_SIZE                  
00000361  SystemInit                    
00000465  gpio_toggle_red_led           
0000047b  init_game                     
0000048f  game_config                   
000004c1  switch_config                 
000004e7  led_config                    
00000501  IRQ_config                    
0000054f  stacker_game                  
00000551  alternate_LEDs                
000005cf  change_level                  
00000601  delay                         
0000061f  start                         
00000621  reset                         
0000064b  game_over                     
0000064d  PORT1_IRQHandler              
0000064d  PORT1_IRQHandler              
0000068f  PORT4_IRQHandler              
0000068f  PORT4_IRQHandler              
00000721  __aeabi_memcpy                
00000721  __aeabi_memcpy4               
00000721  __aeabi_memcpy8               
00000721  memcpy                        
000007bd  __TI_decompress_lzss          
00000859  main                          
00000881  __TI_auto_init_nobinit_nopinit
000008c5  _c_int00_noargs               
000008f9  __TI_zero_init_nomemset       
00000915  __TI_decompress_none          
00000923  Reset_Handler                 
0000092f  ADC14_IRQHandler              
0000092f  AES256_IRQHandler             
0000092f  BusFault_Handler              
0000092f  COMP_E0_IRQHandler            
0000092f  COMP_E1_IRQHandler            
0000092f  CS_IRQHandler                 
0000092f  DMA_ERR_IRQHandler            
0000092f  DMA_INT0_IRQHandler           
0000092f  DMA_INT1_IRQHandler           
0000092f  DMA_INT2_IRQHandler           
0000092f  DMA_INT3_IRQHandler           
0000092f  DebugMon_Handler              
0000092f  Default_Handler               
0000092f  EUSCIA0_IRQHandler            
0000092f  EUSCIA1_IRQHandler            
0000092f  EUSCIA2_IRQHandler            
0000092f  EUSCIA3_IRQHandler            
0000092f  EUSCIB0_IRQHandler            
0000092f  EUSCIB1_IRQHandler            
0000092f  EUSCIB2_IRQHandler            
0000092f  EUSCIB3_IRQHandler            
0000092f  FLCTL_A_IRQHandler            
0000092f  FPU_IRQHandler                
0000092f  HardFault_Handler             
0000092f  LCD_F_IRQHandler              
0000092f  MemManage_Handler             
0000092f  NMI_Handler                   
0000092f  PCM_IRQHandler                
0000092f  PORT2_IRQHandler              
0000092f  PORT3_IRQHandler              
0000092f  PORT5_IRQHandler              
0000092f  PORT6_IRQHandler              
0000092f  PSS_IRQHandler                
0000092f  PendSV_Handler                
0000092f  RTC_C_IRQHandler              
0000092f  SVC_Handler                   
0000092f  SysTick_Handler               
0000092f  T32_INT1_IRQHandler           
0000092f  T32_INT2_IRQHandler           
0000092f  T32_INTC_IRQHandler           
0000092f  TA0_0_IRQHandler              
0000092f  TA0_N_IRQHandler              
0000092f  TA1_0_IRQHandler              
0000092f  TA1_N_IRQHandler              
0000092f  TA2_0_IRQHandler              
0000092f  TA2_N_IRQHandler              
0000092f  TA3_0_IRQHandler              
0000092f  TA3_N_IRQHandler              
0000092f  UsageFault_Handler            
0000092f  WDT_A_IRQHandler              
00000931  _system_pre_init              
00000935  C$$EXIT                       
00000935  abort                         
00000938  __TI_Handler_Table_Base       
00000944  __TI_Handler_Table_Limit      
00000958  __TI_CINIT_Base               
00000968  __TI_CINIT_Limit              
20000000  __start___llvm_prf_cnts       
20000000  __stop___llvm_prf_cnts        
20000004  SystemCoreClock               
2003fe00  __stack                       
20040000  __STACK_END                   
4000480c  WDTCTL_SYM                    
ffffffff  __TI_pprof_out_hndl           
ffffffff  __TI_prof_data_size           
ffffffff  __TI_prof_data_start          
ffffffff  __binit__                     
ffffffff  __c_args__                    
ffffffff  binit                         
UNDEFED   __mpu_init                    
UNDEFED   _system_post_cinit            

[104 symbols]
